\BOOKMARK [0][-]{part.2}{\376\377\000I\000\040\000B\000a\000s\000i\000c\000\040\000M\000a\000t\000h}{}% 1
\BOOKMARK [1][-]{section.3}{\376\377\000M\000o\000d\000u\000l\000o\000\040\000A\000r\000i\000t\000h\000m\000e\000t\000i\000c}{part.2}% 2
\BOOKMARK [2][-]{subsection.4}{\376\377\000O\000v\000e\000r\000v\000i\000e\000w}{section.3}% 3
\BOOKMARK [2][-]{subsection.5}{\376\377\000M\000o\000d\000u\000l\000o\000\040\000A\000r\000i\000t\000h\000m\000e\000t\000i\000c}{section.3}% 4
\BOOKMARK [2][-]{subsection.16}{\376\377\000I\000n\000v\000e\000r\000s\000e}{section.3}% 5
\BOOKMARK [2][-]{subsection.17}{\376\377\000M\000o\000d\000u\000l\000o\000\040\000D\000i\000v\000i\000s\000i\000o\000n}{section.3}% 6
\BOOKMARK [2][-]{subsection.18}{\376\377\000C\000e\000n\000t\000e\000r\000e\000d\000\040\000R\000e\000s\000i\000d\000u\000e\000\040\000R\000e\000p\000r\000e\000s\000e\000n\000t\000a\000t\000i\000o\000n}{section.3}% 7
\BOOKMARK [1][-]{section.20}{\376\377\000G\000r\000o\000u\000p}{part.2}% 8
\BOOKMARK [2][-]{subsection.21}{\376\377\000D\000e\000f\000i\000n\000i\000t\000i\000o\000n\000s}{section.20}% 9
\BOOKMARK [2][-]{subsection.22}{\376\377\000E\000x\000a\000m\000p\000l\000e\000s}{section.20}% 10
\BOOKMARK [1][-]{section.23}{\376\377\000F\000i\000e\000l\000d}{part.2}% 11
\BOOKMARK [2][-]{subsection.24}{\376\377\000D\000e\000f\000i\000n\000i\000t\000i\000o\000n\000s}{section.23}% 12
\BOOKMARK [2][-]{subsection.25}{\376\377\000E\000x\000a\000m\000p\000l\000e\000s}{section.23}% 13
\BOOKMARK [2][-]{subsection.26}{\376\377\000T\000h\000e\000o\000r\000e\000m\000s}{section.23}% 14
\BOOKMARK [1][-]{section.29}{\376\377\000O\000r\000d\000e\000r}{part.2}% 15
\BOOKMARK [2][-]{subsection.30}{\376\377\000D\000e\000f\000i\000n\000i\000t\000i\000o\000n\000s}{section.29}% 16
\BOOKMARK [2][-]{subsection.31}{\376\377\000T\000h\000e\000o\000r\000e\000m\000s}{section.29}% 17
\BOOKMARK [1][-]{section.41}{\376\377\000P\000o\000l\000y\000n\000o\000m\000i\000a\000l\000\040\000R\000i\000n\000g}{part.2}% 18
\BOOKMARK [2][-]{subsection.42}{\376\377\000O\000v\000e\000r\000v\000i\000e\000w}{section.41}% 19
\BOOKMARK [3][-]{subsubsection.43}{\376\377\000E\000x\000a\000m\000p\000l\000e}{subsection.42}% 20
\BOOKMARK [3][-]{subsubsection.44}{\376\377\000D\000i\000s\000c\000u\000s\000s\000i\000o\000n}{subsection.42}% 21
\BOOKMARK [2][-]{subsection.46}{\376\377\000C\000o\000e\000f\000f\000i\000c\000i\000e\000n\000t\000\040\000R\000o\000t\000a\000t\000i\000o\000n}{section.41}% 22
\BOOKMARK [3][-]{subsubsection.47}{\376\377\000E\000x\000a\000m\000p\000l\000e}{subsection.46}% 23
\BOOKMARK [1][-]{section.48}{\376\377\000D\000e\000c\000o\000m\000p\000o\000s\000i\000t\000i\000o\000n}{part.2}% 24
\BOOKMARK [2][-]{subsection.49}{\376\377\000N\000u\000m\000b\000e\000r\000\040\000D\000e\000c\000o\000m\000p\000o\000s\000i\000t\000i\000o\000n}{section.48}% 25
\BOOKMARK [3][-]{subsubsection.51}{\376\377\000E\000x\000a\000m\000p\000l\000e}{subsection.49}% 26
\BOOKMARK [2][-]{subsection.52}{\376\377\000P\000o\000l\000y\000n\000o\000m\000i\000a\000l\000\040\000D\000e\000c\000o\000m\000p\000o\000s\000i\000t\000i\000o\000n}{section.48}% 27
\BOOKMARK [3][-]{subsubsection.53}{\376\377\000E\000x\000a\000m\000p\000l\000e}{subsection.52}% 28
\BOOKMARK [3][-]{subsubsection.54}{\376\377\000D\000i\000s\000c\000u\000s\000s\000i\000o\000n}{subsection.52}% 29
\BOOKMARK [2][-]{subsection.55}{\376\377\000A\000p\000p\000r\000o\000x\000i\000m\000a\000t\000e\000\040\000D\000e\000c\000o\000m\000p\000o\000s\000i\000t\000i\000o\000n}{section.48}% 30
\BOOKMARK [2][-]{subsection.57}{\376\377\000G\000a\000d\000g\000e\000t\000\040\000D\000e\000c\000o\000m\000p\000o\000s\000i\000t\000i\000o\000n}{section.48}% 31
\BOOKMARK [1][-]{section.58}{\376\377\000R\000o\000o\000t\000s\000\040\000o\000f\000\040\000U\000n\000i\000t\000y}{part.2}% 32
\BOOKMARK [2][-]{subsection.59}{\376\377\000D\000e\000f\000i\000n\000i\000t\000i\000o\000n\000s}{section.58}% 33
\BOOKMARK [2][-]{subsection.60}{\376\377\000T\000h\000e\000o\000r\000e\000m\000s}{section.58}% 34
\BOOKMARK [1][-]{section.79}{\376\377\000C\000y\000c\000l\000o\000t\000o\000m\000i\000c\000\040\000P\000o\000l\000y\000n\000o\000m\000i\000a\000l}{part.2}% 35
\BOOKMARK [2][-]{subsection.80}{\376\377\000D\000e\000f\000i\000n\000i\000t\000i\000o\000n\000s}{section.79}% 36
\BOOKMARK [2][-]{subsection.81}{\376\377\000T\000h\000e\000o\000r\000e\000m\000s}{section.79}% 37
\BOOKMARK [1][-]{section.94}{\376\377\000R\000o\000o\000t\000s\000\040\000o\000f\000\040\000U\000n\000i\000t\000y\000\040\000a\000n\000d\000\040\000C\000y\000c\000l\000o\000t\000o\000m\000i\000c\000\040\000P\000o\000l\000y\000n\000o\000m\000i\000a\000l\000\040\000o\000v\000e\000r\000\040\000R\000i\000n\000g\000s}{part.2}% 38
\BOOKMARK [1][-]{section.96}{\376\377\000V\000e\000c\000t\000o\000r\000\040\000a\000n\000d\000\040\000M\000a\000t\000r\000i\000x}{part.2}% 39
\BOOKMARK [2][-]{subsection.97}{\376\377\000V\000e\000c\000t\000o\000r\000\040\000A\000r\000i\000t\000h\000m\000e\000t\000i\000c}{section.96}% 40
\BOOKMARK [2][-]{subsection.98}{\376\377\000V\000a\000r\000i\000o\000u\000s\000\040\000T\000y\000p\000e\000s\000\040\000o\000f\000\040\000M\000a\000t\000r\000i\000x}{section.96}% 41
\BOOKMARK [2][-]{subsection.99}{\376\377\000M\000a\000t\000r\000i\000x\000\040\000A\000r\000i\000t\000h\000m\000e\000t\000i\000c}{section.96}% 42
\BOOKMARK [2][-]{subsection.100}{\376\377\000P\000r\000o\000j\000e\000c\000t\000i\000o\000n}{section.96}% 43
\BOOKMARK [2][-]{subsection.102}{\376\377\000B\000a\000s\000i\000s\000\040\000o\000f\000\040\000a\000\040\000P\000o\000l\000y\000n\000o\000m\000i\000a\000l\000\040\000R\000i\000n\000g}{section.96}% 44
\BOOKMARK [2][-]{subsection.103}{\376\377\000I\000s\000o\000m\000o\000r\000p\000h\000i\000s\000m\000\040\000b\000e\000t\000w\000e\000e\000n\000\040\000P\000o\000l\000y\000n\000o\000m\000i\000a\000l\000s\000\040\000a\000n\000d\000\040\000V\000e\000c\000t\000o\000r\000s\000\040\000o\000v\000e\000r\000\040\000I\000n\000t\000e\000g\000e\000r\000s}{section.96}% 45
\BOOKMARK [3][-]{subsubsection.104}{\376\377\000F\000i\000n\000d\000i\000n\000g\000\040\000A\000p\000p\000r\000o\000p\000r\000i\000a\000t\000e\000\040\000M\000o\000d\000u\000l\000u\000s\000\040\000t}{subsection.103}% 46
\BOOKMARK [2][-]{subsection.105}{\376\377\000I\000s\000o\000m\000o\000r\000p\000h\000i\000s\000m\000\040\000b\000e\000t\000w\000e\000e\000n\000\040\000P\000o\000l\000y\000n\000o\000m\000i\000a\000l\000s\000\040\000a\000n\000d\000\040\000V\000e\000c\000t\000o\000r\000s\000\040\000o\000v\000e\000r\000\040\000C\000o\000m\000p\000l\000e\000x\000\040\000N\000u\000m\000b\000e\000r\000s}{section.96}% 47
\BOOKMARK [3][-]{subsubsection.106}{\376\377\000I\000s\000o\000m\000o\000r\000p\000h\000i\000s\000m\000\040\000b\000e\000t\000w\000e\000e\000n\000\040\000C\000n\0002\000\040\000a\000n\000d\000\040\000n}{subsection.105}% 48
\BOOKMARK [3][-]{subsubsection.107}{\376\377\000I\000s\000o\000m\000o\000r\000p\000h\000i\000s\000m\000\040\000b\000e\000t\000w\000e\000e\000n\000\040\000n\000\040\000a\000n\000d\000\040\000R\000[\000X\000]\000\040\000/\000\040\000X\000n\000\040\000+\000\040\0001}{subsection.105}% 49
\BOOKMARK [2][-]{subsection.109}{\376\377\000T\000r\000a\000n\000s\000f\000o\000r\000m\000i\000n\000g\000\040\000B\000a\000s\000i\000s\000\040\000b\000e\000t\000w\000e\000e\000n\000\040\000P\000o\000l\000y\000n\000o\000m\000i\000a\000l\000\040\000R\000i\000n\000g\000\040\000a\000n\000d\000\040\000V\000e\000c\000t\000o\000r\000\040\000S\000p\000a\000c\000e}{section.96}% 50
\BOOKMARK [1][-]{section.110}{\376\377\000E\000u\000l\000e\000r\000'\000s\000\040\000F\000o\000r\000m\000u\000l\000a}{part.2}% 51
\BOOKMARK [2][-]{subsection.111}{\376\377\000P\000y\000t\000h\000a\000g\000o\000r\000e\000a\000n\000\040\000I\000d\000e\000n\000t\000i\000t\000y}{section.110}% 52
\BOOKMARK [2][-]{subsection.116}{\376\377\000I\000m\000a\000g\000i\000n\000a\000r\000y\000\040\000N\000u\000m\000b\000e\000r}{section.110}% 53
\BOOKMARK [2][-]{subsection.117}{\376\377\000E\000u\000l\000e\000r\000'\000s\000\040\000F\000o\000r\000m\000u\000l\000a}{section.110}% 54
\BOOKMARK [2][-]{subsection.119}{\376\377\000V\000a\000n\000d\000e\000r\000m\000o\000n\000d\000e\000\040\000M\000a\000t\000r\000i\000x\000\040\000w\000i\000t\000h\000\040\000R\000o\000o\000t\000s\000\040\000o\000f\000\040\000C\000y\000c\000l\000o\000t\000o\000m\000i\000c\000\040\000P\000o\000l\000y\000n\000o\000m\000i\000a\000l\000\040\000o\000v\000e\000r\000\040\000C\000o\000m\000p\000l\000e\000x\000\040\000N\000u\000m\000b\000e\000r\000s}{section.110}% 55
\BOOKMARK [2][-]{subsection.125}{\376\377\000V\000a\000n\000d\000e\000r\000m\000o\000n\000d\000e\000\040\000M\000a\000t\000r\000i\000x\000\040\000w\000i\000t\000h\000\040\000R\000o\000o\000t\000s\000\040\000o\000f\000\040\000C\000y\000c\000l\000o\000t\000o\000m\000i\000c\000\040\000P\000o\000l\000y\000n\000o\000m\000i\000a\000l\000\040\000o\000v\000e\000r\000\040\000R\000i\000n\000g\000s\000\040\000\050\000Z\000p\000\051}{section.110}% 56
\BOOKMARK [1][-]{section.131}{\376\377\000M\000o\000d\000u\000l\000o\000\040\000R\000e\000s\000c\000a\000l\000i\000n\000g}{part.2}% 57
\BOOKMARK [2][-]{subsection.132}{\376\377\000R\000e\000s\000c\000a\000l\000i\000n\000g\000\040\000M\000o\000d\000u\000l\000o\000\040\000o\000f\000\040\000C\000o\000n\000g\000r\000u\000e\000n\000c\000e\000\040\000R\000e\000l\000a\000t\000i\000o\000n\000s}{section.131}% 58
\BOOKMARK [3][-]{subsubsection.143}{\376\377\000E\000x\000a\000m\000p\000l\000e}{subsection.132}% 59
\BOOKMARK [1][-]{section.144}{\376\377\000C\000h\000i\000n\000e\000s\000e\000\040\000R\000e\000m\000a\000i\000n\000d\000e\000r\000\040\000T\000h\000e\000o\000r\000e\000m}{part.2}% 60
\BOOKMARK [2][-]{subsection.148}{\376\377\000A\000p\000p\000l\000i\000c\000a\000t\000i\000o\000n\000:\000\040\000R\000e\000s\000i\000d\000u\000e\000\040\000N\000u\000m\000b\000e\000r\000\040\000S\000y\000s\000t\000e\000m\000\040\000\050\000R\000N\000S\000\051}{section.144}% 61
\BOOKMARK [1][-]{section.149}{\376\377\000T\000a\000y\000l\000o\000r\000\040\000S\000e\000r\000i\000e\000s}{part.2}% 62
\BOOKMARK [1][-]{section.150}{\376\377\000L\000a\000g\000r\000a\000n\000g\000e\000'\000s\000\040\000P\000o\000l\000y\000n\000o\000m\000i\000a\000l\000\040\000I\000n\000t\000e\000r\000p\000o\000l\000a\000t\000i\000o\000n}{part.2}% 63
\BOOKMARK [1][-]{section.154}{\376\377\000E\000f\000f\000i\000c\000i\000e\000n\000t\000\040\000P\000o\000l\000y\000n\000o\000m\000i\000a\000l\000\040\000M\000u\000l\000t\000i\000p\000l\000i\000c\000a\000t\000i\000o\000n\000\040\000b\000y\000\040\000F\000F\000T\000\040\000a\000n\000d\000\040\000N\000T\000T}{part.2}% 64
\BOOKMARK [2][-]{subsection.155}{\376\377\000B\000a\000c\000k\000g\000r\000o\000u\000n\000d\000\040\000a\000n\000d\000\040\000M\000o\000t\000i\000v\000a\000t\000i\000o\000n}{section.154}% 65
\BOOKMARK [2][-]{subsection.156}{\376\377\000F\000o\000r\000w\000a\000r\000d\000\040\000F\000F\000T\000\040\000\050\000o\000r\000\040\000N\000T\000T\000\051}{section.154}% 66
\BOOKMARK [3][-]{subsubsection.157}{\376\377\000H\000i\000g\000h\000-\000l\000e\000v\000e\000l\000\040\000I\000d\000e\000a}{subsection.156}% 67
\BOOKMARK [3][-]{subsubsection.158}{\376\377\000D\000e\000t\000a\000i\000l\000s}{subsection.156}% 68
\BOOKMARK [2][-]{subsection.159}{\376\377\000P\000o\000i\000n\000t\000-\000w\000i\000s\000e\000\040\000M\000u\000l\000t\000i\000p\000l\000i\000c\000a\000t\000i\000o\000n}{section.154}% 69
\BOOKMARK [2][-]{subsection.160}{\376\377\000I\000n\000v\000e\000r\000s\000e\000\040\000F\000F\000T\000\040\000\050\000o\000r\000\040\000N\000T\000T\000\051}{section.154}% 70
\BOOKMARK [0][-]{part.161}{\376\377\000I\000I\000\040\000P\000o\000s\000t\000-\000q\000u\000a\000n\000t\000u\000m\000\040\000C\000r\000y\000p\000t\000o\000g\000r\000a\000p\000h\000y}{}% 71
\BOOKMARK [1][-]{section.162}{\376\377\000L\000a\000t\000t\000i\000c\000e\000-\000b\000a\000s\000e\000d\000\040\000C\000r\000y\000p\000t\000o\000g\000r\000a\000p\000h\000y}{part.161}% 72
\BOOKMARK [2][-]{subsection.163}{\376\377\000O\000v\000e\000r\000v\000i\000e\000w}{section.162}% 73
\BOOKMARK [2][-]{subsection.164}{\376\377\000L\000W\000E\000\040\000C\000r\000y\000p\000t\000o\000s\000y\000s\000t\000e\000m}{section.162}% 74
\BOOKMARK [2][-]{subsection.166}{\376\377\000R\000L\000W\000E\000\040\000C\000r\000y\000p\000t\000o\000s\000y\000s\000t\000e\000m}{section.162}% 75
\BOOKMARK [1][-]{section.167}{\376\377\000L\000W\000E\000\040\000C\000r\000y\000p\000t\000o\000s\000y\000s\000t\000e\000m}{part.161}% 76
\BOOKMARK [2][-]{subsection.168}{\376\377\000S\000e\000t\000u\000p}{section.167}% 77
\BOOKMARK [2][-]{subsection.169}{\376\377\000E\000n\000c\000r\000y\000p\000t\000i\000o\000n}{section.167}% 78
\BOOKMARK [2][-]{subsection.178}{\376\377\000D\000e\000c\000r\000y\000p\000t\000i\000o\000n}{section.167}% 79
\BOOKMARK [3][-]{subsubsection.184}{\376\377\000I\000n\000\040\000t\000h\000e\000\040\000C\000a\000s\000e\000\040\000o\000f\000\040\000t\000\040\000n\000o\000t\000\040\000D\000i\000v\000i\000d\000i\000n\000g\000\040\000q}{subsection.178}% 80
\BOOKMARK [1][-]{section.185}{\376\377\000R\000L\000W\000E\000\040\000C\000r\000y\000p\000t\000o\000s\000y\000s\000t\000e\000m}{part.161}% 81
\BOOKMARK [2][-]{subsection.186}{\376\377\000S\000e\000t\000u\000p}{section.185}% 82
\BOOKMARK [2][-]{subsection.187}{\376\377\000E\000n\000c\000r\000y\000p\000t\000i\000o\000n}{section.185}% 83
\BOOKMARK [2][-]{subsection.197}{\376\377\000D\000e\000c\000r\000y\000p\000t\000i\000o\000n}{section.185}% 84
\BOOKMARK [1][-]{section.203}{\376\377\000G\000L\000W\000E\000\040\000C\000r\000y\000p\000t\000o\000s\000y\000s\000t\000e\000m}{part.161}% 85
\BOOKMARK [2][-]{subsection.204}{\376\377\000S\000e\000t\000u\000p}{section.203}% 86
\BOOKMARK [2][-]{subsection.205}{\376\377\000E\000n\000c\000r\000y\000p\000t\000i\000o\000n}{section.203}% 87
\BOOKMARK [2][-]{subsection.213}{\376\377\000D\000e\000c\000r\000y\000p\000t\000i\000o\000n}{section.203}% 88
\BOOKMARK [3][-]{subsubsection.219}{\376\377\000D\000i\000s\000c\000u\000s\000s\000i\000o\000n}{subsection.213}% 89
\BOOKMARK [2][-]{subsection.225}{\376\377\000A\000n\000\040\000A\000l\000t\000e\000r\000n\000a\000t\000i\000v\000e\000\040\000V\000e\000r\000s\000i\000o\000n\000\040\000o\000f\000\040\000G\000L\000W\000E}{section.203}% 90
\BOOKMARK [2][-]{subsection.231}{\376\377\000P\000u\000b\000l\000i\000c\000\040\000K\000e\000y\000\040\000E\000n\000c\000r\000y\000p\000t\000i\000o\000n}{section.203}% 91
\BOOKMARK [1][-]{section.237}{\376\377\000G\000L\000e\000v}{part.161}% 92
\BOOKMARK [2][-]{subsection.238}{\376\377\000E\000n\000c\000r\000y\000p\000t\000i\000o\000n}{section.237}% 93
\BOOKMARK [2][-]{subsection.240}{\376\377\000D\000e\000c\000r\000y\000p\000t\000i\000o\000n}{section.237}% 94
\BOOKMARK [2][-]{subsection.241}{\376\377\000L\000e\000v\000\040\000a\000n\000d\000\040\000R\000L\000e\000v}{section.237}% 95
\BOOKMARK [1][-]{section.242}{\376\377\000G\000G\000S\000W}{part.161}% 96
\BOOKMARK [2][-]{subsection.243}{\376\377\000E\000n\000c\000r\000y\000p\000t\000i\000o\000n}{section.242}% 97
\BOOKMARK [2][-]{subsection.245}{\376\377\000D\000e\000c\000r\000y\000p\000t\000i\000o\000n}{section.242}% 98
\BOOKMARK [2][-]{subsection.246}{\376\377\000G\000S\000W\000\040\000a\000n\000d\000\040\000R\000G\000S\000W}{section.242}% 99
\BOOKMARK [0][-]{part.247}{\376\377\000I\000I\000I\000\040\000G\000e\000n\000e\000r\000i\000c\000\040\000F\000u\000l\000l\000y\000\040\000H\000o\000m\000o\000m\000o\000r\000p\000h\000i\000c\000\040\000E\000n\000c\000r\000y\000p\000t\000i\000o\000n}{}% 100
\BOOKMARK [1][-]{section.248}{\376\377\000G\000L\000W\000E\000\040\000C\000i\000p\000h\000e\000r\000t\000e\000x\000t\000-\000t\000o\000-\000C\000i\000p\000h\000e\000r\000t\000e\000x\000t\000\040\000A\000d\000d\000i\000t\000i\000o\000n}{part.247}% 101
\BOOKMARK [2][-]{subsection.253}{\376\377\000D\000i\000s\000c\000u\000s\000s\000i\000o\000n}{section.248}% 102
\BOOKMARK [1][-]{section.254}{\376\377\000G\000L\000W\000E\000\040\000C\000i\000p\000h\000e\000r\000t\000e\000x\000t\000-\000t\000o\000-\000P\000l\000a\000i\000n\000t\000e\000x\000t\000\040\000A\000d\000d\000i\000t\000i\000o\000n}{part.247}% 103
\BOOKMARK [1][-]{section.257}{\376\377\000G\000L\000W\000E\000\040\000C\000i\000p\000h\000e\000r\000t\000e\000x\000t\000-\000t\000o\000-\000P\000l\000a\000i\000n\000t\000e\000x\000t\000\040\000M\000u\000l\000t\000i\000p\000l\000i\000c\000a\000t\000i\000o\000n}{part.247}% 104
\BOOKMARK [2][-]{subsection.262}{\376\377\000G\000a\000d\000g\000e\000t\000\040\000D\000e\000c\000o\000m\000p\000o\000s\000i\000t\000i\000o\000n\000\040\000f\000o\000r\000\040\000N\000o\000i\000s\000e\000\040\000S\000u\000p\000p\000r\000e\000s\000s\000i\000o\000n}{section.257}% 105
\BOOKMARK [3][-]{subsubsection.264}{\376\377\000D\000i\000s\000c\000u\000s\000s\000i\000o\000n}{subsection.262}% 106
\BOOKMARK [1][-]{section.265}{\376\377\000G\000L\000W\000E\000\040\000M\000o\000d\000u\000l\000u\000s\000\040\000S\000w\000i\000t\000c\000h\000i\000n\000g}{part.247}% 107
\BOOKMARK [2][-]{subsection.266}{\376\377\000L\000W\000E\000\040\000M\000o\000d\000u\000l\000u\000s\000\040\000S\000w\000i\000t\000c\000h\000i\000n\000g}{section.265}% 108
\BOOKMARK [2][-]{subsection.271}{\376\377\000E\000x\000a\000m\000p\000l\000e}{section.265}% 109
\BOOKMARK [2][-]{subsection.272}{\376\377\000D\000i\000s\000c\000u\000s\000s\000i\000o\000n}{section.265}% 110
\BOOKMARK [2][-]{subsection.274}{\376\377\000R\000L\000W\000E\000\040\000M\000o\000d\000u\000l\000u\000s\000\040\000S\000w\000i\000t\000c\000h\000i\000n\000g}{section.265}% 111
\BOOKMARK [2][-]{subsection.280}{\376\377\000G\000L\000W\000E\000\040\000M\000o\000d\000u\000l\000u\000s\000\040\000S\000w\000i\000t\000c\000h\000i\000n\000g}{section.265}% 112
\BOOKMARK [1][-]{section.281}{\376\377\000G\000L\000W\000E\000\040\000K\000e\000y\000\040\000S\000w\000i\000t\000c\000h\000i\000n\000g}{part.247}% 113
\BOOKMARK [0][-]{part.289}{\376\377\000I\000V\000\040\000F\000u\000l\000l\000y\000\040\000H\000o\000m\000o\000m\000o\000r\000p\000h\000i\000c\000\040\000E\000n\000c\000r\000y\000p\000t\000i\000o\000n\000\040\000S\000c\000h\000e\000m\000e\000s}{}% 114
\BOOKMARK [1][-]{section.290}{\376\377\000T\000F\000H\000E\000\040\000S\000c\000h\000e\000m\000e}{part.289}% 115
\BOOKMARK [2][-]{subsection.291}{\376\377\000E\000n\000c\000r\000y\000p\000t\000i\000o\000n\000\040\000a\000n\000d\000\040\000D\000e\000c\000r\000y\000p\000t\000i\000o\000n}{section.290}% 116
\BOOKMARK [2][-]{subsection.297}{\376\377\000H\000o\000m\000o\000m\000o\000r\000p\000h\000i\000c\000\040\000C\000i\000p\000h\000e\000r\000t\000e\000x\000t\000-\000t\000o\000-\000C\000i\000p\000h\000e\000r\000t\000e\000x\000t\000\040\000A\000d\000d\000i\000t\000i\000o\000n}{section.290}% 117
\BOOKMARK [2][-]{subsection.298}{\376\377\000H\000o\000m\000o\000m\000o\000r\000p\000h\000i\000c\000\040\000C\000i\000p\000h\000e\000r\000t\000e\000x\000t\000-\000t\000o\000-\000P\000l\000a\000i\000n\000t\000e\000x\000t\000\040\000A\000d\000d\000i\000t\000i\000o\000n}{section.290}% 118
\BOOKMARK [2][-]{subsection.299}{\376\377\000H\000o\000m\000o\000m\000o\000r\000p\000h\000i\000c\000\040\000C\000i\000p\000h\000e\000r\000t\000e\000x\000t\000-\000t\000o\000-\000P\000l\000a\000i\000n\000t\000e\000x\000t\000\040\000M\000u\000l\000t\000i\000p\000l\000i\000c\000a\000t\000i\000o\000n}{section.290}% 119
\BOOKMARK [2][-]{subsection.300}{\376\377\000H\000o\000m\000o\000m\000o\000r\000p\000h\000i\000c\000\040\000K\000e\000y\000\040\000S\000w\000i\000t\000c\000h\000i\000n\000g}{section.290}% 120
\BOOKMARK [2][-]{subsection.301}{\376\377\000H\000o\000m\000o\000m\000o\000r\000p\000h\000i\000c\000\040\000C\000i\000p\000h\000e\000r\000t\000e\000x\000t\000-\000t\000o\000-\000C\000i\000p\000h\000e\000r\000t\000e\000x\000t\000\040\000M\000u\000l\000t\000i\000p\000l\000i\000c\000a\000t\000i\000o\000n}{section.290}% 121
\BOOKMARK [3][-]{subsubsection.306}{\376\377\000G\000e\000n\000e\000r\000a\000l\000i\000z\000a\000t\000i\000o\000n\000\040\000t\000o\000\040\000G\000L\000W\000E\000-\000t\000o\000-\000G\000G\000S\000W\000\040\000M\000u\000l\000t\000i\000p\000l\000i\000c\000a\000t\000i\000o\000n}{subsection.301}% 122
\BOOKMARK [2][-]{subsection.311}{\376\377\000C\000o\000e\000f\000f\000i\000c\000i\000e\000n\000t\000\040\000E\000x\000t\000r\000a\000c\000t\000i\000o\000n}{section.290}% 123
\BOOKMARK [2][-]{subsection.312}{\376\377\000N\000o\000i\000s\000e\000\040\000B\000o\000o\000t\000s\000t\000r\000a\000p\000p\000i\000n\000g}{section.290}% 124
\BOOKMARK [3][-]{subsubsection.313}{\376\377\000O\000v\000e\000r\000v\000i\000e\000w}{subsection.312}% 125
\BOOKMARK [3][-]{subsubsection.319}{\376\377\000M\000o\000d\000u\000l\000u\000s\000\040\000S\000w\000i\000t\000c\000h\000\040\000f\000o\000r\000\040\000N\000o\000i\000s\000e\000\040\000B\000o\000o\000t\000s\000t\000r\000a\000p\000p\000i\000n\000g}{subsection.312}% 126
\BOOKMARK [3][-]{subsubsection.320}{\376\377\000H\000a\000l\000v\000i\000n\000g\000\040\000t\000h\000e\000\040\000P\000l\000a\000i\000n\000t\000e\000x\000t\000\040\000S\000p\000a\000c\000e\000\040\000T\000o\000\040\000b\000e\000\040\000U\000s\000e\000d}{subsection.312}% 127
\BOOKMARK [3][-]{subsubsection.321}{\376\377\000B\000l\000i\000n\000d\000\040\000R\000o\000t\000a\000t\000i\000o\000n}{subsection.312}% 128
\BOOKMARK [3][-]{subsubsection.328}{\376\377\000C\000o\000e\000f\000f\000i\000c\000i\000e\000n\000t\000\040\000E\000x\000t\000r\000a\000c\000t\000i\000o\000n}{subsection.312}% 129
\BOOKMARK [3][-]{subsubsection.329}{\376\377\000K\000e\000y\000\040\000S\000w\000i\000t\000c\000h\000i\000n\000g}{subsection.312}% 130
\BOOKMARK [3][-]{subsubsection.330}{\376\377\000N\000o\000i\000s\000e\000\040\000B\000o\000o\000t\000s\000t\000r\000a\000p\000p\000i\000n\000g\000\040\000S\000u\000m\000m\000a\000r\000y}{subsection.312}% 131
\BOOKMARK [3][-]{subsubsection.335}{\376\377\000E\000x\000a\000m\000p\000l\000e\000:\000\040\000N\000o\000i\000s\000e\000\040\000B\000o\000o\000t\000s\000t\000r\000a\000p\000p\000i\000n\000g}{subsection.312}% 132
\BOOKMARK [3][-]{subsubsection.340}{\376\377\000D\000i\000s\000c\000u\000s\000s\000i\000o\000n}{subsection.312}% 133
\BOOKMARK [3][-]{subsubsection.341}{\376\377\000A\000p\000p\000l\000i\000c\000a\000t\000i\000o\000n\000:\000\040\000G\000a\000t\000e\000\040\000B\000o\000o\000t\000s\000t\000r\000a\000p\000p\000i\000n\000g}{subsection.312}% 134
\BOOKMARK [3][-]{subsubsection.343}{\376\377\000A\000p\000p\000l\000i\000c\000a\000t\000i\000o\000n\000:\000\040\000N\000e\000u\000r\000a\000l\000\040\000N\000e\000t\000w\000o\000r\000k\000s\000\040\000B\000o\000o\000t\000s\000t\000r\000a\000p\000p\000i\000n\000g}{subsection.312}% 135
\BOOKMARK [2][-]{subsection.348}{\376\377\000T\000F\000H\000E\000\040\000o\000n\000\040\000a\000\040\000D\000i\000s\000c\000r\000e\000t\000e\000\040\000T\000o\000r\000u\000s}{section.290}% 136
\BOOKMARK [1][-]{section.349}{\376\377\000B\000F\000V\000\040\000S\000c\000h\000e\000m\000e}{part.289}% 137
\BOOKMARK [2][-]{subsection.350}{\376\377\000S\000i\000n\000g\000l\000e\000\040\000V\000a\000l\000u\000e\000\040\000E\000n\000c\000o\000d\000i\000n\000g}{section.349}% 138
\BOOKMARK [2][-]{subsection.351}{\376\377\000B\000a\000t\000c\000h\000\040\000E\000n\000c\000o\000d\000i\000n\000g}{section.349}% 139
\BOOKMARK [3][-]{subsubsection.352}{\376\377\000E\000n\000c\000o\000d\000i\000n\000g\0001}{subsection.351}% 140
\BOOKMARK [3][-]{subsubsection.353}{\376\377\000E\000n\000c\000o\000d\000i\000n\000g\0002}{subsection.351}% 141
\BOOKMARK [3][-]{subsubsection.354}{\376\377\000D\000e\000c\000o\000d\000i\000n\000g\0001}{subsection.351}% 142
\BOOKMARK [3][-]{subsubsection.355}{\376\377\000D\000e\000c\000o\000d\000i\000n\000g\0002}{subsection.351}% 143
\BOOKMARK [3][-]{subsubsection.356}{\376\377\000S\000u\000m\000m\000a\000r\000y}{subsection.351}% 144
\BOOKMARK [2][-]{subsection.359}{\376\377\000E\000n\000c\000r\000y\000p\000t\000i\000o\000n\000\040\000a\000n\000d\000\040\000D\000e\000c\000r\000y\000p\000t\000i\000o\000n}{section.349}% 145
\BOOKMARK [2][-]{subsection.362}{\376\377\000C\000i\000p\000h\000e\000r\000t\000e\000x\000t\000-\000t\000o\000-\000C\000i\000p\000h\000e\000r\000t\000e\000x\000t\000\040\000A\000d\000d\000i\000t\000i\000o\000n}{section.349}% 146
\BOOKMARK [3][-]{subsubsection.363}{\376\377\000N\000o\000i\000s\000e\000\040\000B\000o\000u\000n\000d\000\040\000A\000n\000a\000l\000y\000s\000i\000s}{subsection.362}% 147
\BOOKMARK [2][-]{subsection.364}{\376\377\000C\000i\000p\000h\000e\000r\000t\000e\000x\000t\000-\000t\000o\000-\000P\000l\000a\000i\000n\000t\000e\000x\000t\000\040\000A\000d\000d\000i\000t\000i\000o\000n}{section.349}% 148
\BOOKMARK [2][-]{subsection.365}{\376\377\000C\000i\000p\000h\000e\000r\000t\000e\000x\000t\000-\000t\000o\000-\000P\000l\000a\000i\000n\000t\000e\000x\000t\000\040\000M\000u\000l\000t\000i\000p\000l\000i\000c\000a\000t\000i\000o\000n}{section.349}% 149
\BOOKMARK [2][-]{subsection.366}{\376\377\000C\000i\000p\000h\000e\000r\000t\000e\000x\000t\000-\000t\000o\000-\000C\000i\000p\000h\000e\000r\000t\000e\000x\000t\000\040\000M\000u\000l\000t\000i\000p\000l\000i\000c\000a\000t\000i\000o\000n}{section.349}% 150
\BOOKMARK [3][-]{subsubsection.367}{\376\377\000M\000o\000d\000R\000a\000i\000s\000e}{subsection.366}% 151
\BOOKMARK [3][-]{subsubsection.368}{\376\377\000P\000o\000l\000y\000n\000o\000m\000i\000a\000l\000\040\000M\000u\000l\000t\000i\000p\000l\000i\000c\000a\000t\000i\000o\000n}{subsection.366}% 152
\BOOKMARK [3][-]{subsubsection.369}{\376\377\000R\000e\000l\000i\000n\000e\000a\000r\000i\000z\000a\000t\000i\000o\000n}{subsection.366}% 153
\BOOKMARK [3][-]{subsubsection.370}{\376\377\000R\000e\000s\000c\000a\000l\000i\000n\000g}{subsection.366}% 154
\BOOKMARK [3][-]{subsubsection.371}{\376\377\000S\000u\000m\000m\000a\000r\000y}{subsection.366}% 155
\BOOKMARK [3][-]{subsubsection.376}{\376\377\000A\000p\000p\000l\000i\000c\000a\000t\000i\000o\000n\000\040\000t\000o\000\040\000T\000F\000H\000E\000'\000s\000\040\000C\000i\000p\000h\000e\000r\000t\000e\000x\000t\000-\000t\000o\000-\000C\000i\000p\000h\000e\000r\000t\000e\000x\000t\000\040\000M\000u\000l\000t\000i\000p\000l\000i\000c\000a\000t\000i\000o\000n}{subsection.366}% 156
\BOOKMARK [2][-]{subsection.381}{\376\377\000H\000o\000m\000o\000m\000o\000r\000p\000h\000i\000c\000\040\000K\000e\000y\000\040\000S\000w\000i\000t\000c\000h\000i\000n\000g}{section.349}% 157
\BOOKMARK [2][-]{subsection.382}{\376\377\000H\000o\000m\000o\000m\000o\000r\000p\000h\000i\000c\000\040\000R\000o\000t\000a\000t\000i\000o\000n\000\040\000o\000f\000\040\000I\000n\000p\000u\000t\000\040\000V\000e\000c\000t\000o\000r\000\040\000S\000l\000o\000t\000s}{section.349}% 158
\BOOKMARK [3][-]{subsubsection.385}{\376\377\000R\000o\000t\000a\000t\000i\000n\000g\000\040\000I\000n\000p\000u\000t\000\040\000V\000e\000c\000t\000o\000r\000\040\000S\000l\000o\000t\000s\000\040\000b\000y\000\040\000U\000p\000d\000a\000t\000i\000n\000g\000\040\000t\000h\000e\000\040\000P\000l\000a\000i\000n\000t\000e\000x\000t\000\040\000P\000o\000l\000y\000n\000o\000m\000i\000a\000l}{subsection.382}% 159
\BOOKMARK [3][-]{subsubsection.390}{\376\377\000U\000p\000d\000a\000t\000i\000n\000g\000\040\000t\000h\000e\000\040\000P\000l\000a\000i\000n\000t\000e\000x\000t\000\040\000P\000o\000l\000y\000n\000o\000m\000i\000a\000l\000\040\000b\000y\000\040\000U\000p\000d\000a\000t\000i\000n\000g\000\040\000t\000h\000e\000\040\000C\000i\000p\000h\000e\000r\000t\000e\000x\000t\000\040\000P\000o\000l\000y\000n\000o\000m\000i\000a\000l\000s}{subsection.382}% 160
\BOOKMARK [3][-]{subsubsection.391}{\376\377\000S\000u\000m\000m\000a\000r\000y}{subsection.382}% 161
\BOOKMARK [3][-]{subsubsection.394}{\376\377\000E\000n\000c\000o\000d\000i\000n\000g\000\040\000E\000x\000a\000m\000p\000l\000e}{subsection.382}% 162
\BOOKMARK [3][-]{subsubsection.395}{\376\377\000R\000o\000t\000a\000t\000i\000o\000n\000\040\000E\000x\000a\000m\000p\000l\000e}{subsection.382}% 163
\BOOKMARK [2][-]{subsection.396}{\376\377\000A\000p\000p\000l\000i\000c\000a\000t\000i\000o\000n\000:\000\040\000M\000a\000t\000r\000i\000x\000\040\000M\000u\000l\000t\000i\000p\000l\000i\000c\000a\000t\000i\000o\000n}{section.349}% 164
\BOOKMARK [2][-]{subsection.397}{\376\377\000N\000o\000i\000s\000e\000\040\000B\000o\000o\000t\000s\000t\000r\000a\000p\000p\000i\000n\000g}{section.349}% 165
\BOOKMARK [3][-]{subsubsection.398}{\376\377\000H\000i\000g\000h\000-\000l\000e\000v\000e\000l\000\040\000I\000d\000e\000a}{subsection.397}% 166
\BOOKMARK [3][-]{subsubsection.404}{\376\377\000M\000o\000d\000u\000l\000u\000s\000\040\000S\000w\000i\000t\000c\000h}{subsection.397}% 167
\BOOKMARK [3][-]{subsubsection.405}{\376\377\000H\000o\000m\000o\000m\000o\000r\000p\000h\000i\000c\000\040\000D\000e\000c\000r\000y\000p\000t\000i\000o\000n}{subsection.397}% 168
\BOOKMARK [3][-]{subsubsection.406}{\376\377\000C\000o\000e\000f\000f\000T\000o\000S\000l\000o\000t\000\040\000a\000n\000d\000\040\000S\000l\000o\000t\000T\000o\000C\000o\000e\000f\000f}{subsection.397}% 169
\BOOKMARK [3][-]{subsubsection.407}{\376\377\000D\000i\000g\000i\000t\000\040\000E\000x\000t\000r\000a\000c\000t\000i\000o\000n}{subsection.397}% 170
\BOOKMARK [3][-]{subsubsection.414}{\376\377\000S\000u\000m\000m\000a\000r\000y}{subsection.397}% 171
\BOOKMARK [1][-]{section.420}{\376\377\000C\000K\000K\000S\000\040\000S\000c\000h\000e\000m\000e}{part.289}% 172
\BOOKMARK [2][-]{subsection.427}{\376\377\000E\000n\000c\000o\000d\000i\000n\000g\000\040\000a\000n\000d\000\040\000D\000e\000c\000o\000d\000i\000n\000g}{section.420}% 173
\BOOKMARK [3][-]{subsubsection.431}{\376\377\000E\000x\000a\000m\000p\000l\000e}{subsection.427}% 174
\BOOKMARK [2][-]{subsection.432}{\376\377\000E\000n\000c\000r\000y\000p\000t\000i\000o\000n\000\040\000a\000n\000d\000\040\000D\000e\000c\000r\000y\000p\000t\000i\000o\000n}{section.420}% 175
\BOOKMARK [2][-]{subsection.435}{\376\377\000C\000i\000p\000h\000e\000r\000t\000e\000x\000t\000-\000t\000o\000-\000C\000i\000p\000h\000e\000r\000t\000e\000x\000t\000\040\000A\000d\000d\000i\000t\000i\000o\000n}{section.420}% 176
\BOOKMARK [2][-]{subsection.436}{\376\377\000C\000i\000p\000h\000e\000r\000t\000e\000x\000t\000-\000t\000o\000-\000P\000l\000a\000i\000n\000t\000e\000x\000t\000\040\000A\000d\000d\000i\000t\000i\000o\000n}{section.420}% 177
\BOOKMARK [2][-]{subsection.437}{\376\377\000C\000i\000p\000h\000e\000r\000t\000e\000x\000t\000-\000t\000o\000-\000C\000i\000p\000h\000e\000r\000t\000e\000x\000t\000\040\000M\000u\000l\000t\000i\000p\000l\000i\000c\000a\000t\000i\000o\000n}{section.420}% 178
\BOOKMARK [3][-]{subsubsection.440}{\376\377\000S\000y\000n\000t\000h\000e\000t\000i\000c\000\040\000C\000i\000p\000h\000e\000r\000t\000e\000x\000t\000\040\000D\000e\000r\000i\000v\000a\000t\000i\000o\000n}{subsection.437}% 179
\BOOKMARK [3][-]{subsubsection.441}{\376\377\000R\000e\000l\000i\000n\000e\000a\000r\000i\000z\000a\000t\000i\000o\000n\000\040\000M\000e\000t\000h\000o\000d\000\040\0001\000\040\040\023\000\040\000C\000i\000p\000h\000e\000r\000t\000e\000x\000t\000\040\000D\000e\000c\000o\000m\000p\000o\000s\000i\000t\000i\000o\000n}{subsection.437}% 180
\BOOKMARK [3][-]{subsubsection.442}{\376\377\000R\000e\000l\000i\000n\000e\000a\000r\000i\000z\000a\000t\000i\000o\000n\000\040\000M\000e\000t\000h\000o\000d\000\040\0002\000\040\040\023\000\040\000C\000i\000p\000h\000e\000r\000t\000e\000x\000t\000\040\000M\000o\000d\000u\000l\000u\000s\000\040\000S\000w\000i\000t\000c\000h}{subsection.437}% 181
\BOOKMARK [3][-]{subsubsection.443}{\376\377\000R\000e\000s\000c\000a\000l\000i\000n\000g}{subsection.437}% 182
\BOOKMARK [3][-]{subsubsection.444}{\376\377\000C\000o\000m\000p\000a\000r\000i\000n\000g\000\040\000B\000F\000V\000\040\000a\000n\000d\000\040\000C\000K\000K\000S\000\040\000B\000o\000o\000t\000s\000t\000r\000a\000p\000p\000i\000n\000g}{subsection.437}% 183
\BOOKMARK [3][-]{subsubsection.445}{\376\377\000S\000u\000m\000m\000a\000r\000y}{subsection.437}% 184
\BOOKMARK [2][-]{subsection.449}{\376\377\000C\000i\000p\000h\000e\000r\000t\000e\000x\000t\000-\000t\000o\000-\000P\000l\000a\000i\000n\000t\000e\000x\000t\000\040\000M\000u\000l\000t\000i\000p\000l\000i\000c\000a\000t\000i\000o\000n}{section.420}% 185
\BOOKMARK [2][-]{subsection.452}{\376\377\000M\000o\000d\000D\000r\000o\000p}{section.420}% 186
\BOOKMARK [3][-]{subsubsection.453}{\376\377\000D\000i\000f\000f\000e\000r\000e\000n\000c\000e\000\040\000b\000e\000t\000w\000e\000e\000n\000\040\000M\000o\000d\000u\000l\000u\000s\000\040\000S\000w\000i\000t\000c\000h\000\040\000a\000n\000d\000\040\000M\000o\000d\000D\000r\000o\000p}{subsection.452}% 187
\BOOKMARK [2][-]{subsection.454}{\376\377\000H\000o\000m\000o\000m\000o\000r\000p\000h\000i\000c\000\040\000K\000e\000y\000\040\000S\000w\000i\000t\000c\000h\000i\000n\000g}{section.420}% 188
\BOOKMARK [2][-]{subsection.455}{\376\377\000H\000o\000m\000o\000m\000o\000r\000p\000h\000i\000c\000\040\000R\000o\000t\000a\000t\000i\000o\000n\000\040\000o\000f\000\040\000I\000n\000p\000u\000t\000\040\000V\000e\000c\000t\000o\000r\000\040\000S\000l\000o\000t\000s}{section.420}% 189
\BOOKMARK [3][-]{subsubsection.458}{\376\377\000E\000x\000a\000m\000p\000l\000e}{subsection.455}% 190
\BOOKMARK [2][-]{subsection.461}{\376\377\000C\000o\000n\000t\000e\000m\000p\000l\000a\000t\000i\000o\000n\000\040\000o\000n\000\040\000C\000K\000K\000S\000\040\000E\000n\000c\000o\000d\000i\000n\000g}{section.420}% 191
\BOOKMARK [2][-]{subsection.462}{\376\377\000H\000o\000m\000o\000m\000o\000r\000p\000h\000i\000c\000\040\000C\000o\000n\000j\000u\000g\000a\000t\000i\000o\000n}{section.420}% 192
\BOOKMARK [2][-]{subsection.465}{\376\377\000S\000p\000a\000r\000s\000e\000l\000y\000\040\000P\000a\000c\000k\000i\000n\000g\000\040\000C\000i\000p\000h\000e\000r\000t\000e\000x\000t\000s}{section.420}% 193
\BOOKMARK [3][-]{subsubsection.468}{\376\377\000F\000o\000r\000w\000a\000r\000d\000\040\000P\000r\000o\000o\000f\000:\000\040\000D\000e\000c\000o\000d\000i\000n\000g\000\040\000o\000f\000\040\000S\000p\000a\000r\000s\000e\000l\000y\000\040\000P\000a\000c\000k\000e\000d\000\040\000C\000i\000p\000h\000e\000r\000t\000e\000x\000t}{subsection.465}% 194
\BOOKMARK [2][-]{subsection.469}{\376\377\000M\000o\000d\000u\000l\000u\000s\000\040\000B\000o\000o\000t\000s\000t\000r\000a\000p\000p\000i\000n\000g}{section.420}% 195
\BOOKMARK [3][-]{subsubsection.470}{\376\377\000H\000i\000g\000h\000-\000l\000e\000v\000e\000l\000\040\000I\000d\000e\000a}{subsection.469}% 196
\BOOKMARK [3][-]{subsubsection.475}{\376\377\000M\000a\000t\000h\000e\000m\000a\000t\000i\000c\000a\000l\000\040\000E\000x\000p\000a\000n\000s\000i\000o\000n\000\040\000o\000f\000\040\000t\000h\000e\000\040\000H\000i\000g\000h\000-\000l\000e\000v\000e\000l\000\040\000I\000d\000e\000a}{subsection.469}% 197
\BOOKMARK [3][-]{subsubsection.483}{\376\377\000D\000e\000t\000a\000i\000l\000s\000:\000\040\000C\000o\000e\000f\000f\000T\000o\000S\000l\000o\000t}{subsection.469}% 198
\BOOKMARK [3][-]{subsubsection.484}{\376\377\000D\000e\000t\000a\000i\000l\000s\000:\000\040\000E\000v\000a\000l\000E\000x\000p}{subsection.469}% 199
\BOOKMARK [3][-]{subsubsection.488}{\376\377\000D\000e\000t\000a\000i\000l\000s\000:\000\040\000S\000l\000o\000t\000T\000o\000C\000o\000e\000f\000f}{subsection.469}% 200
\BOOKMARK [3][-]{subsubsection.489}{\376\377\000R\000e\000d\000u\000c\000i\000n\000g\000\040\000t\000h\000e\000\040\000B\000o\000o\000t\000s\000t\000r\000a\000p\000p\000i\000n\000g\000\040\000O\000v\000e\000r\000h\000e\000a\000d\000\040\000b\000y\000\040\000S\000p\000a\000r\000s\000e\000l\000y\000\040\000P\000a\000c\000k\000i\000n\000g\000\040\000C\000i\000p\000h\000e\000r\000t\000e\000x\000t}{subsection.469}% 201
\BOOKMARK [3][-]{subsubsection.490}{\376\377\000S\000u\000m\000m\000a\000r\000y}{subsection.469}% 202
\BOOKMARK [3][-]{subsubsection.496}{\376\377\000R\000e\000d\000u\000c\000i\000n\000g\000\040\000t\000h\000e\000\040\000B\000o\000o\000t\000s\000t\000r\000a\000p\000p\000i\000n\000g\000\040\000N\000o\000i\000s\000e}{subsection.469}% 203
\BOOKMARK [1][-]{section.503}{\376\377\000B\000G\000V\000\040\000S\000c\000h\000e\000m\000e}{part.289}% 204
\BOOKMARK [2][-]{subsection.504}{\376\377\000E\000n\000c\000o\000d\000i\000n\000g\000\040\000a\000n\000d\000\040\000D\000e\000c\000o\000d\000i\000n\000g}{section.503}% 205
\BOOKMARK [2][-]{subsection.505}{\376\377\000E\000n\000c\000r\000y\000p\000t\000i\000o\000n\000\040\000a\000n\000d\000\040\000D\000e\000c\000r\000y\000p\000t\000i\000o\000n}{section.503}% 206
\BOOKMARK [2][-]{subsection.510}{\376\377\000C\000i\000p\000h\000e\000r\000t\000e\000x\000t\000-\000t\000o\000-\000C\000i\000p\000h\000e\000r\000t\000e\000x\000t\000\040\000A\000d\000d\000i\000t\000i\000o\000n}{section.503}% 207
\BOOKMARK [2][-]{subsection.511}{\376\377\000C\000i\000p\000h\000e\000r\000t\000e\000x\000t\000-\000t\000o\000-\000P\000l\000a\000i\000n\000t\000e\000x\000t\000\040\000A\000d\000d\000i\000t\000i\000o\000n}{section.503}% 208
\BOOKMARK [2][-]{subsection.512}{\376\377\000C\000i\000p\000h\000e\000r\000t\000e\000x\000t\000-\000t\000o\000-\000P\000l\000a\000i\000n\000t\000e\000x\000t\000\040\000M\000u\000l\000t\000i\000p\000l\000i\000c\000a\000t\000i\000o\000n}{section.503}% 209
\BOOKMARK [2][-]{subsection.513}{\376\377\000M\000o\000d\000D\000r\000o\000p}{section.503}% 210
\BOOKMARK [2][-]{subsection.514}{\376\377\000M\000o\000d\000u\000l\000u\000s\000\040\000S\000w\000i\000t\000c\000h}{section.503}% 211
\BOOKMARK [3][-]{subsubsection.523}{\376\377\000D\000i\000f\000f\000e\000r\000e\000n\000c\000e\000\040\000b\000e\000t\000w\000e\000e\000n\000\040\000M\000o\000d\000u\000l\000u\000s\000\040\000S\000w\000i\000t\000c\000h\000\040\000a\000n\000d\000\040\000M\000o\000d\000D\000r\000o\000p}{subsection.514}% 212
\BOOKMARK [2][-]{subsection.524}{\376\377\000C\000i\000p\000h\000e\000r\000t\000e\000x\000t\000-\000t\000o\000-\000C\000i\000p\000h\000e\000r\000t\000e\000x\000t\000\040\000M\000u\000l\000t\000i\000p\000l\000i\000c\000a\000t\000i\000o\000n}{section.503}% 213
\BOOKMARK [2][-]{subsection.528}{\376\377\000H\000o\000m\000o\000m\000o\000r\000p\000h\000i\000c\000\040\000K\000e\000y\000\040\000S\000w\000i\000t\000c\000h\000i\000n\000g}{section.503}% 214
\BOOKMARK [2][-]{subsection.529}{\376\377\000H\000o\000m\000o\000m\000o\000r\000p\000h\000i\000c\000\040\000R\000o\000t\000a\000t\000i\000o\000n\000\040\000o\000f\000\040\000I\000n\000p\000u\000t\000\040\000V\000e\000c\000t\000o\000r\000\040\000S\000l\000o\000t\000s}{section.503}% 215
\BOOKMARK [2][-]{subsection.532}{\376\377\000M\000o\000d\000u\000l\000u\000s\000\040\000B\000o\000o\000t\000s\000t\000r\000a\000p\000p\000i\000n\000g}{section.503}% 216
\BOOKMARK [3][-]{subsubsection.539}{\376\377\000D\000i\000s\000c\000u\000s\000s\000i\000o\000n}{subsection.532}% 217
\BOOKMARK [3][-]{subsubsection.540}{\376\377\000C\000o\000m\000p\000a\000r\000i\000n\000g\000\040\000t\000h\000e\000\040\000B\000o\000o\000t\000s\000t\000r\000a\000p\000p\000i\000n\000g\000\040\000i\000n\000\040\000B\000F\000V\000,\000\040\000B\000G\000V\000,\000\040\000a\000n\000d\000\040\000C\000K\000K\000S}{subsection.532}% 218
\BOOKMARK [1][-]{section.541}{\376\377\000R\000N\000S\000-\000v\000a\000r\000i\000a\000n\000t\000\040\000F\000H\000E\000\040\000S\000c\000h\000e\000m\000e\000s}{part.289}% 219
\BOOKMARK [2][-]{subsection.542}{\376\377\000F\000a\000s\000t\000\040\000B\000a\000s\000e\000\040\000C\000o\000n\000v\000e\000r\000s\000i\000o\000n\000:\000\040\000F\000a\000s\000t\000B\000C\000o\000n\000v}{section.541}% 220
\BOOKMARK [2][-]{subsection.543}{\376\377\000S\000m\000a\000l\000l\000\040\000M\000o\000n\000t\000g\000o\000m\000e\000r\000y\000\040\000R\000e\000d\000u\000c\000t\000i\000o\000n\000\040\000A\000l\000g\000o\000r\000i\000t\000h\000m\000:\000\040\000S\000m\000a\000l\000l\000M\000o\000n\000t}{section.541}% 221
\BOOKMARK [3][-]{subsubsection.549}{\376\377\000I\000m\000p\000r\000o\000v\000i\000n\000g\000\040\000F\000a\000s\000t\000B\000C\000o\000n\000v\000\040\000b\000y\000\040\000U\000s\000i\000n\000g\000\040\000S\000m\000a\000l\000l\000M\000o\000n\000t}{subsection.543}% 222
\BOOKMARK [2][-]{subsection.550}{\376\377\000R\000N\000S\000-\000b\000a\000s\000e\000d\000\040\000M\000o\000d\000R\000a\000i\000s\000e\000:\000\040\000M\000o\000d\000R\000a\000i\000s\000e\000R\000N\000S}{section.541}% 223
\BOOKMARK [2][-]{subsection.551}{\376\377\000R\000N\000S\000-\000b\000a\000s\000e\000d\000\040\000M\000o\000d\000D\000r\000o\000p\000:\000\040\000M\000o\000d\000D\000r\000o\000p\000R\000N\000S}{section.541}% 224
\BOOKMARK [2][-]{subsection.552}{\376\377\000R\000N\000S\000-\000b\000a\000s\000e\000d\000\040\000M\000o\000d\000u\000l\000u\000s\000\040\000S\000w\000i\000t\000c\000h\000:\000\040\000M\000o\000d\000S\000w\000i\000t\000c\000h\000R\000N\000S}{section.541}% 225
\BOOKMARK [3][-]{subsubsection.553}{\376\377\000C\000o\000m\000p\000a\000r\000i\000n\000g\000\040\000M\000o\000d\000S\000w\000i\000t\000c\000h\000R\000N\000S\000,\000\040\000M\000o\000d\000R\000a\000i\000s\000e\000R\000N\000S\000,\000\040\000a\000n\000d\000\040\000M\000o\000d\000D\000r\000o\000p\000R\000N\000S}{subsection.552}% 226
\BOOKMARK [2][-]{subsection.554}{\376\377\000R\000N\000S\000-\000b\000a\000s\000e\000d\000\040\000D\000e\000c\000r\000y\000p\000t\000i\000o\000n}{section.541}% 227
\BOOKMARK [3][-]{subsubsection.555}{\376\377\000B\000F\000V\000\040\000D\000e\000c\000r\000y\000p\000t\000i\000o\000n\000:\000\040\000D\000e\000c\000R\000N\000S\000B\000F\000V}{subsection.554}% 228
\BOOKMARK [3][-]{subsubsection.559}{\376\377\000C\000K\000K\000S\000\040\000a\000n\000d\000\040\000B\000G\000V\000\040\000D\000e\000c\000r\000y\000p\000t\000i\000o\000n}{subsection.554}% 229
\BOOKMARK [2][-]{subsection.560}{\376\377\000B\000G\000V\000'\000s\000\040\000R\000N\000S\000-\000b\000a\000s\000e\000d\000\040\000M\000o\000d\000u\000l\000u\000s\000\040\000S\000w\000i\000t\000c\000h\000:\000\040\000M\000o\000d\000S\000w\000i\000t\000c\000h\000R\000N\000S\000B\000G\000V}{section.541}% 230
\BOOKMARK [2][-]{subsection.561}{\376\377\000E\000x\000a\000c\000t\000\040\000F\000a\000s\000t\000\040\000B\000a\000s\000e\000\040\000C\000o\000n\000v\000e\000r\000s\000i\000o\000n\000:\000\040\000F\000a\000s\000t\000B\000C\000o\000n\000v\000E\000x}{section.541}% 231
\BOOKMARK [2][-]{subsection.569}{\376\377\000D\000e\000c\000o\000m\000p\000o\000s\000i\000n\000g\000\040\000M\000u\000l\000t\000i\000p\000l\000i\000c\000a\000t\000i\000o\000n\000:\000\040\000D\000e\000c\000o\000m\000p\000M\000u\000l\000t\000R\000N\000S}{section.541}% 232
\BOOKMARK [2][-]{subsection.570}{\376\377\000A\000p\000p\000l\000y\000i\000n\000g\000\040\000R\000N\000S\000\040\000T\000e\000c\000h\000n\000i\000q\000u\000e\000s\000\040\000t\000o\000\040\000F\000H\000E\000\040\000O\000p\000e\000r\000a\000t\000i\000o\000n\000s}{section.541}% 233
\BOOKMARK [3][-]{subsubsection.571}{\376\377\000A\000d\000d\000i\000t\000i\000o\000n\000\040\000a\000n\000d\000\040\000M\000u\000l\000t\000i\000p\000l\000i\000c\000a\000t\000i\000o\000n\000\040\000o\000f\000\040\000P\000o\000l\000y\000n\000o\000m\000i\000a\000l\000s}{subsection.570}% 234
\BOOKMARK [3][-]{subsubsection.572}{\376\377\000K\000e\000y\000\040\000S\000w\000i\000t\000c\000h\000i\000n\000g}{subsection.570}% 235
\BOOKMARK [3][-]{subsubsection.573}{\376\377\000I\000n\000p\000u\000t\000\040\000S\000l\000o\000t\000\040\000R\000o\000t\000a\000t\000i\000o\000n}{subsection.570}% 236
\BOOKMARK [3][-]{subsubsection.578}{\376\377\000B\000F\000V\000'\000s\000\040\000C\000i\000p\000h\000e\000r\000t\000e\000x\000t\000-\000t\000o\000-\000C\000i\000p\000h\000e\000r\000t\000e\000x\000t\000\040\000M\000u\000l\000t\000i\000p\000l\000i\000c\000a\000t\000i\000o\000n}{subsection.570}% 237
\BOOKMARK [3][-]{subsubsection.585}{\376\377\000C\000K\000K\000S\000'\000s\000\040\000C\000i\000p\000h\000e\000r\000t\000e\000x\000t\000-\000t\000o\000-\000C\000i\000p\000h\000e\000r\000t\000e\000x\000t\000\040\000M\000u\000l\000t\000i\000p\000l\000i\000c\000a\000t\000i\000o\000n}{subsection.570}% 238
\BOOKMARK [3][-]{subsubsection.586}{\376\377\000B\000G\000V\000'\000s\000\040\000C\000i\000p\000h\000e\000r\000t\000e\000x\000t\000-\000t\000o\000-\000C\000i\000p\000h\000e\000r\000t\000e\000x\000t\000\040\000M\000u\000l\000t\000i\000p\000l\000i\000c\000a\000t\000i\000o\000n}{subsection.570}% 239
\BOOKMARK [3][-]{subsubsection.587}{\376\377\000B\000F\000V\000'\000s\000\040\000B\000o\000o\000t\000s\000t\000r\000a\000p\000p\000i\000n\000g}{subsection.570}% 240
\BOOKMARK [3][-]{subsubsection.594}{\376\377\000C\000K\000K\000S\000'\000s\000\040\000B\000o\000o\000t\000s\000t\000r\000a\000p\000p\000i\000n\000g}{subsection.570}% 241
\BOOKMARK [3][-]{subsubsection.595}{\376\377\000B\000G\000V\000'\000s\000\040\000B\000o\000o\000t\000s\000t\000r\000a\000p\000p\000i\000n\000g}{subsection.570}% 242
\BOOKMARK [3][-]{subsubsection.599}{\376\377\000N\000o\000i\000s\000e\000\040\000I\000m\000p\000a\000c\000t\000\040\000o\000f\000\040\000R\000N\000S\000\040\000O\000p\000e\000r\000a\000t\000i\000o\000n\000s}{subsection.570}% 243
\BOOKMARK [3][-]{subsubsection.600}{\376\377\000P\000y\000t\000h\000o\000n\000\040\000S\000o\000u\000r\000c\000e\000\040\000C\000o\000d\000e\000\040\000o\000f\000\040\000R\000N\000S\000\040\000P\000r\000i\000m\000i\000t\000i\000v\000e\000s}{subsection.570}% 244
\BOOKMARK [1][-]{section.601}{\376\377\000F\000H\000E\000\040\000S\000c\000h\000e\000m\000e\000\040\000C\000o\000m\000p\000a\000r\000i\000s\000o\000n\000\040\000a\000n\000d\000\040\000S\000u\000m\000m\000a\000r\000y}{part.289}% 245
\BOOKMARK [1][-]{section.626}{\376\377\000P\000y\000t\000h\000o\000n\000\040\000D\000e\000m\000o\000\040\000F\000H\000E\000\040\000L\000i\000b\000r\000a\000r\000y}{part.289}% 246
